I'm sorry, but errors were detected in your script. Please correct the
errors listed below, and try again.


File "game/script.rpy", line 17: end of line expected.
    scene pinkbk.jpg
                ^

Ren'Py Version: Ren'Py 7.3.5.606
Thu Jan 14 23:15:36 2021
